Copyright 1986-2022 Xilinx, Inc. All Rights Reserved.
--------------------------------------------------------------------------------------------------------------------------------------------------------------------------------------------------------------------------------
| Tool Version : Vivado v.2022.2 (win64) Build 3671981 Fri Oct 14 05:00:03 MDT 2022
| Date         : Sat Nov 30 17:41:29 2024
| Host         : DESKTOP-GLV9KF3 running 64-bit major release  (build 9200)
| Command      : report_methodology -file DDS_FFT_ethernet_final_wrapper_methodology_drc_routed.rpt -pb DDS_FFT_ethernet_final_wrapper_methodology_drc_routed.pb -rpx DDS_FFT_ethernet_final_wrapper_methodology_drc_routed.rpx
| Design       : DDS_FFT_ethernet_final_wrapper
| Device       : xc7z020clg400-2
| Speed File   : -2
| Design State : Fully Routed
--------------------------------------------------------------------------------------------------------------------------------------------------------------------------------------------------------------------------------

Report Methodology

Table of Contents
-----------------
1. REPORT SUMMARY
2. REPORT DETAILS

1. REPORT SUMMARY
-----------------
            Netlist: netlist
          Floorplan: design_1
      Design limits: <entire design considered>
             Max violations: <unlimited>
             Violations found: 33
+-----------+----------+-------------------------------------------------+------------+
| Rule      | Severity | Description                                     | Violations |
+-----------+----------+-------------------------------------------------+------------+
| PDRC-190  | Warning  | Suboptimally placed synchronized register chain | 10         |
| TIMING-16 | Warning  | Large setup violation                           | 23         |
+-----------+----------+-------------------------------------------------+------------+

2. REPORT DETAILS
-----------------
PDRC-190#1 Warning
Suboptimally placed synchronized register chain  
The FDRE cell dbg_hub/inst/BSCANID.u_xsdbm_id/CORE_XSDB.UUT_MASTER/U_ICON_INTERFACE/U_CMD2/stat_reg_reg[0] in site SLICE_X52Y111 is part of a synchronized register chain that is suboptimally placed as the load FDRE cell dbg_hub/inst/BSCANID.u_xsdbm_id/CORE_XSDB.UUT_MASTER/U_ICON_INTERFACE/U_CMD2/stat_reg_1_reg[0] is not placed in the same (SLICE) site.
Related violations: <none>

PDRC-190#2 Warning
Suboptimally placed synchronized register chain  
The FDRE cell dbg_hub/inst/BSCANID.u_xsdbm_id/CORE_XSDB.UUT_MASTER/U_ICON_INTERFACE/U_CMD2/stat_reg_reg[1] in site SLICE_X49Y109 is part of a synchronized register chain that is suboptimally placed as the load FDRE cell dbg_hub/inst/BSCANID.u_xsdbm_id/CORE_XSDB.UUT_MASTER/U_ICON_INTERFACE/U_CMD2/stat_reg_1_reg[1] is not placed in the same (SLICE) site.
Related violations: <none>

PDRC-190#3 Warning
Suboptimally placed synchronized register chain  
The FDRE cell dbg_hub/inst/BSCANID.u_xsdbm_id/CORE_XSDB.UUT_MASTER/U_ICON_INTERFACE/U_CMD2/stat_reg_reg[2] in site SLICE_X50Y111 is part of a synchronized register chain that is suboptimally placed as the load FDRE cell dbg_hub/inst/BSCANID.u_xsdbm_id/CORE_XSDB.UUT_MASTER/U_ICON_INTERFACE/U_CMD2/stat_reg_1_reg[2] is not placed in the same (SLICE) site.
Related violations: <none>

PDRC-190#4 Warning
Suboptimally placed synchronized register chain  
The FDRE cell dbg_hub/inst/BSCANID.u_xsdbm_id/CORE_XSDB.UUT_MASTER/U_ICON_INTERFACE/U_CMD2/stat_reg_reg[3] in site SLICE_X49Y111 is part of a synchronized register chain that is suboptimally placed as the load FDRE cell dbg_hub/inst/BSCANID.u_xsdbm_id/CORE_XSDB.UUT_MASTER/U_ICON_INTERFACE/U_CMD2/stat_reg_1_reg[3] is not placed in the same (SLICE) site.
Related violations: <none>

PDRC-190#5 Warning
Suboptimally placed synchronized register chain  
The FDRE cell dbg_hub/inst/BSCANID.u_xsdbm_id/CORE_XSDB.UUT_MASTER/U_ICON_INTERFACE/U_CMD3/stat_reg_reg[0] in site SLICE_X52Y109 is part of a synchronized register chain that is suboptimally placed as the load FDRE cell dbg_hub/inst/BSCANID.u_xsdbm_id/CORE_XSDB.UUT_MASTER/U_ICON_INTERFACE/U_CMD3/stat_reg_1_reg[0] is not placed in the same (SLICE) site.
Related violations: <none>

PDRC-190#6 Warning
Suboptimally placed synchronized register chain  
The FDRE cell dbg_hub/inst/BSCANID.u_xsdbm_id/CORE_XSDB.UUT_MASTER/U_ICON_INTERFACE/U_CMD3/stat_reg_reg[1] in site SLICE_X50Y109 is part of a synchronized register chain that is suboptimally placed as the load FDRE cell dbg_hub/inst/BSCANID.u_xsdbm_id/CORE_XSDB.UUT_MASTER/U_ICON_INTERFACE/U_CMD3/stat_reg_1_reg[1] is not placed in the same (SLICE) site.
Related violations: <none>

PDRC-190#7 Warning
Suboptimally placed synchronized register chain  
The FDRE cell dbg_hub/inst/BSCANID.u_xsdbm_id/CORE_XSDB.UUT_MASTER/U_ICON_INTERFACE/U_CMD3/stat_reg_reg[2] in site SLICE_X51Y110 is part of a synchronized register chain that is suboptimally placed as the load FDRE cell dbg_hub/inst/BSCANID.u_xsdbm_id/CORE_XSDB.UUT_MASTER/U_ICON_INTERFACE/U_CMD3/stat_reg_1_reg[2] is not placed in the same (SLICE) site.
Related violations: <none>

PDRC-190#8 Warning
Suboptimally placed synchronized register chain  
The FDRE cell dbg_hub/inst/BSCANID.u_xsdbm_id/CORE_XSDB.UUT_MASTER/U_ICON_INTERFACE/U_CMD7_STAT/stat_reg_reg[0] in site SLICE_X54Y110 is part of a synchronized register chain that is suboptimally placed as the load FDRE cell dbg_hub/inst/BSCANID.u_xsdbm_id/CORE_XSDB.UUT_MASTER/U_ICON_INTERFACE/U_CMD7_STAT/stat_reg_1_reg[0] is not placed in the same (SLICE) site.
Related violations: <none>

PDRC-190#9 Warning
Suboptimally placed synchronized register chain  
The FDRE cell dbg_hub/inst/BSCANID.u_xsdbm_id/CORE_XSDB.UUT_MASTER/U_ICON_INTERFACE/U_CMD7_STAT/stat_reg_reg[1] in site SLICE_X55Y111 is part of a synchronized register chain that is suboptimally placed as the load FDRE cell dbg_hub/inst/BSCANID.u_xsdbm_id/CORE_XSDB.UUT_MASTER/U_ICON_INTERFACE/U_CMD7_STAT/stat_reg_1_reg[1] is not placed in the same (SLICE) site.
Related violations: <none>

PDRC-190#10 Warning
Suboptimally placed synchronized register chain  
The FDRE cell dbg_hub/inst/BSCANID.u_xsdbm_id/CORE_XSDB.UUT_MASTER/U_ICON_INTERFACE/U_CMD7_STAT/stat_reg_reg[2] in site SLICE_X56Y111 is part of a synchronized register chain that is suboptimally placed as the load FDRE cell dbg_hub/inst/BSCANID.u_xsdbm_id/CORE_XSDB.UUT_MASTER/U_ICON_INTERFACE/U_CMD7_STAT/stat_reg_1_reg[2] is not placed in the same (SLICE) site.
Related violations: <none>

TIMING-16#1 Warning
Large setup violation  
There is a large setup violation of -1.003 ns between DDS_FFT_ethernet_final_i/DDS_FFT_0/inst/dut/u_fft/U0/i_synth/axi_wrapper/data_out_channel/gen_non_real_time.fifo/fifo0/fifo_2_reg[44]/C (clocked by clk_fpga_0) and DDS_FFT_ethernet_final_i/DDS_FFT_0/inst/dut/psd_array_reg_256_511_46_46/RAMS64E_A/I (clocked by clk_fpga_0). Large setup violations at the end of those stages might be difficult to fix during the post-placement implementation flow and could be the result of non-optimal XDC constraints or non-optimal design architecture
Related violations: <none>

TIMING-16#2 Warning
Large setup violation  
There is a large setup violation of -1.016 ns between DDS_FFT_ethernet_final_i/DDS_FFT_0/inst/dut/u_fft/U0/i_synth/axi_wrapper/data_out_channel/gen_non_real_time.fifo/fifo0/fifo_2_reg[44]/C (clocked by clk_fpga_0) and DDS_FFT_ethernet_final_i/DDS_FFT_0/inst/dut/psd_array_reg_256_511_49_49/RAMS64E_A/I (clocked by clk_fpga_0). Large setup violations at the end of those stages might be difficult to fix during the post-placement implementation flow and could be the result of non-optimal XDC constraints or non-optimal design architecture
Related violations: <none>

TIMING-16#3 Warning
Large setup violation  
There is a large setup violation of -1.019 ns between DDS_FFT_ethernet_final_i/DDS_FFT_0/inst/dut/u_fft/U0/i_synth/axi_wrapper/data_out_channel/gen_non_real_time.fifo/fifo0/fifo_2_reg[44]/C (clocked by clk_fpga_0) and DDS_FFT_ethernet_final_i/DDS_FFT_0/inst/dut/psd_array_reg_512_767_44_44/RAMS64E_A/I (clocked by clk_fpga_0). Large setup violations at the end of those stages might be difficult to fix during the post-placement implementation flow and could be the result of non-optimal XDC constraints or non-optimal design architecture
Related violations: <none>

TIMING-16#4 Warning
Large setup violation  
There is a large setup violation of -1.027 ns between DDS_FFT_ethernet_final_i/DDS_FFT_0/inst/dut/u_fft/U0/i_synth/axi_wrapper/data_out_channel/gen_non_real_time.fifo/fifo0/fifo_2_reg[44]/C (clocked by clk_fpga_0) and DDS_FFT_ethernet_final_i/DDS_FFT_0/inst/dut/psd_array_reg_512_767_49_49/RAMS64E_A/I (clocked by clk_fpga_0). Large setup violations at the end of those stages might be difficult to fix during the post-placement implementation flow and could be the result of non-optimal XDC constraints or non-optimal design architecture
Related violations: <none>

TIMING-16#5 Warning
Large setup violation  
There is a large setup violation of -1.029 ns between DDS_FFT_ethernet_final_i/DDS_FFT_0/inst/dut/u_fft/U0/i_synth/axi_wrapper/data_out_channel/gen_non_real_time.fifo/fifo0/fifo_2_reg[44]/C (clocked by clk_fpga_0) and DDS_FFT_ethernet_final_i/DDS_FFT_0/inst/dut/psd_array_reg_0_255_53_53/RAMS64E_A/I (clocked by clk_fpga_0). Large setup violations at the end of those stages might be difficult to fix during the post-placement implementation flow and could be the result of non-optimal XDC constraints or non-optimal design architecture
Related violations: <none>

TIMING-16#6 Warning
Large setup violation  
There is a large setup violation of -1.046 ns between DDS_FFT_ethernet_final_i/DDS_FFT_0/inst/dut/u_fft/U0/i_synth/axi_wrapper/data_out_channel/gen_non_real_time.fifo/fifo0/fifo_2_reg[44]/C (clocked by clk_fpga_0) and DDS_FFT_ethernet_final_i/DDS_FFT_0/inst/dut/psd_array_reg_512_767_47_47/RAMS64E_A/I (clocked by clk_fpga_0). Large setup violations at the end of those stages might be difficult to fix during the post-placement implementation flow and could be the result of non-optimal XDC constraints or non-optimal design architecture
Related violations: <none>

TIMING-16#7 Warning
Large setup violation  
There is a large setup violation of -1.072 ns between DDS_FFT_ethernet_final_i/DDS_FFT_0/inst/dut/u_fft/U0/i_synth/axi_wrapper/data_out_channel/gen_non_real_time.fifo/fifo0/fifo_2_reg[44]/C (clocked by clk_fpga_0) and DDS_FFT_ethernet_final_i/DDS_FFT_0/inst/dut/psd_array_reg_0_255_45_45/RAMS64E_A/I (clocked by clk_fpga_0). Large setup violations at the end of those stages might be difficult to fix during the post-placement implementation flow and could be the result of non-optimal XDC constraints or non-optimal design architecture
Related violations: <none>

TIMING-16#8 Warning
Large setup violation  
There is a large setup violation of -1.081 ns between DDS_FFT_ethernet_final_i/DDS_FFT_0/inst/dut/u_fft/U0/i_synth/axi_wrapper/data_out_channel/gen_non_real_time.fifo/fifo0/fifo_2_reg[44]/C (clocked by clk_fpga_0) and DDS_FFT_ethernet_final_i/DDS_FFT_0/inst/dut/psd_array_reg_512_767_54_54/RAMS64E_A/I (clocked by clk_fpga_0). Large setup violations at the end of those stages might be difficult to fix during the post-placement implementation flow and could be the result of non-optimal XDC constraints or non-optimal design architecture
Related violations: <none>

TIMING-16#9 Warning
Large setup violation  
There is a large setup violation of -1.088 ns between DDS_FFT_ethernet_final_i/DDS_FFT_0/inst/dut/u_fft/U0/i_synth/axi_wrapper/data_out_channel/gen_non_real_time.fifo/fifo0/fifo_2_reg[44]/C (clocked by clk_fpga_0) and DDS_FFT_ethernet_final_i/DDS_FFT_0/inst/dut/psd_array_reg_768_1023_54_54/RAMS64E_A/I (clocked by clk_fpga_0). Large setup violations at the end of those stages might be difficult to fix during the post-placement implementation flow and could be the result of non-optimal XDC constraints or non-optimal design architecture
Related violations: <none>

TIMING-16#10 Warning
Large setup violation  
There is a large setup violation of -1.095 ns between DDS_FFT_ethernet_final_i/DDS_FFT_0/inst/dut/u_fft/U0/i_synth/axi_wrapper/data_out_channel/gen_non_real_time.fifo/fifo0/fifo_2_reg[44]/C (clocked by clk_fpga_0) and DDS_FFT_ethernet_final_i/DDS_FFT_0/inst/dut/psd_array_reg_768_1023_51_51/RAMS64E_A/I (clocked by clk_fpga_0). Large setup violations at the end of those stages might be difficult to fix during the post-placement implementation flow and could be the result of non-optimal XDC constraints or non-optimal design architecture
Related violations: <none>

TIMING-16#11 Warning
Large setup violation  
There is a large setup violation of -1.100 ns between DDS_FFT_ethernet_final_i/DDS_FFT_0/inst/dut/u_fft/U0/i_synth/axi_wrapper/data_out_channel/gen_non_real_time.fifo/fifo0/fifo_2_reg[44]/C (clocked by clk_fpga_0) and DDS_FFT_ethernet_final_i/DDS_FFT_0/inst/dut/psd_array_reg_256_511_44_44/RAMS64E_A/I (clocked by clk_fpga_0). Large setup violations at the end of those stages might be difficult to fix during the post-placement implementation flow and could be the result of non-optimal XDC constraints or non-optimal design architecture
Related violations: <none>

TIMING-16#12 Warning
Large setup violation  
There is a large setup violation of -1.105 ns between DDS_FFT_ethernet_final_i/DDS_FFT_0/inst/dut/u_fft/U0/i_synth/axi_wrapper/data_out_channel/gen_non_real_time.fifo/fifo0/fifo_2_reg[44]/C (clocked by clk_fpga_0) and DDS_FFT_ethernet_final_i/DDS_FFT_0/inst/dut/psd_array_reg_0_255_50_50/RAMS64E_A/I (clocked by clk_fpga_0). Large setup violations at the end of those stages might be difficult to fix during the post-placement implementation flow and could be the result of non-optimal XDC constraints or non-optimal design architecture
Related violations: <none>

TIMING-16#13 Warning
Large setup violation  
There is a large setup violation of -1.107 ns between DDS_FFT_ethernet_final_i/DDS_FFT_0/inst/dut/u_fft/U0/i_synth/axi_wrapper/data_out_channel/gen_non_real_time.fifo/fifo0/fifo_2_reg[44]/C (clocked by clk_fpga_0) and DDS_FFT_ethernet_final_i/DDS_FFT_0/inst/dut/psd_array_reg_0_255_54_54/RAMS64E_A/I (clocked by clk_fpga_0). Large setup violations at the end of those stages might be difficult to fix during the post-placement implementation flow and could be the result of non-optimal XDC constraints or non-optimal design architecture
Related violations: <none>

TIMING-16#14 Warning
Large setup violation  
There is a large setup violation of -1.111 ns between DDS_FFT_ethernet_final_i/DDS_FFT_0/inst/dut/u_fft/U0/i_synth/axi_wrapper/data_out_channel/gen_non_real_time.fifo/fifo0/fifo_2_reg[44]/C (clocked by clk_fpga_0) and DDS_FFT_ethernet_final_i/DDS_FFT_0/inst/dut/psd_array_reg_512_767_51_51/RAMS64E_A/I (clocked by clk_fpga_0). Large setup violations at the end of those stages might be difficult to fix during the post-placement implementation flow and could be the result of non-optimal XDC constraints or non-optimal design architecture
Related violations: <none>

TIMING-16#15 Warning
Large setup violation  
There is a large setup violation of -1.122 ns between DDS_FFT_ethernet_final_i/DDS_FFT_0/inst/dut/u_fft/U0/i_synth/axi_wrapper/data_out_channel/gen_non_real_time.fifo/fifo0/fifo_2_reg[44]/C (clocked by clk_fpga_0) and DDS_FFT_ethernet_final_i/DDS_FFT_0/inst/dut/psd_array_reg_256_511_51_51/RAMS64E_A/I (clocked by clk_fpga_0). Large setup violations at the end of those stages might be difficult to fix during the post-placement implementation flow and could be the result of non-optimal XDC constraints or non-optimal design architecture
Related violations: <none>

TIMING-16#16 Warning
Large setup violation  
There is a large setup violation of -1.129 ns between DDS_FFT_ethernet_final_i/DDS_FFT_0/inst/dut/u_fft/U0/i_synth/axi_wrapper/data_out_channel/gen_non_real_time.fifo/fifo0/fifo_2_reg[44]/C (clocked by clk_fpga_0) and DDS_FFT_ethernet_final_i/DDS_FFT_0/inst/dut/psd_array_reg_256_511_53_53/RAMS64E_A/I (clocked by clk_fpga_0). Large setup violations at the end of those stages might be difficult to fix during the post-placement implementation flow and could be the result of non-optimal XDC constraints or non-optimal design architecture
Related violations: <none>

TIMING-16#17 Warning
Large setup violation  
There is a large setup violation of -1.130 ns between DDS_FFT_ethernet_final_i/DDS_FFT_0/inst/dut/u_fft/U0/i_synth/axi_wrapper/data_out_channel/gen_non_real_time.fifo/fifo0/fifo_2_reg[44]/C (clocked by clk_fpga_0) and DDS_FFT_ethernet_final_i/DDS_FFT_0/inst/dut/psd_array_reg_0_255_51_51/RAMS64E_A/I (clocked by clk_fpga_0). Large setup violations at the end of those stages might be difficult to fix during the post-placement implementation flow and could be the result of non-optimal XDC constraints or non-optimal design architecture
Related violations: <none>

TIMING-16#18 Warning
Large setup violation  
There is a large setup violation of -1.137 ns between DDS_FFT_ethernet_final_i/DDS_FFT_0/inst/dut/u_fft/U0/i_synth/axi_wrapper/data_out_channel/gen_non_real_time.fifo/fifo0/fifo_2_reg[44]/C (clocked by clk_fpga_0) and DDS_FFT_ethernet_final_i/DDS_FFT_0/inst/dut/psd_array_reg_0_255_49_49/RAMS64E_A/I (clocked by clk_fpga_0). Large setup violations at the end of those stages might be difficult to fix during the post-placement implementation flow and could be the result of non-optimal XDC constraints or non-optimal design architecture
Related violations: <none>

TIMING-16#19 Warning
Large setup violation  
There is a large setup violation of -1.138 ns between DDS_FFT_ethernet_final_i/DDS_FFT_0/inst/dut/u_fft/U0/i_synth/axi_wrapper/data_out_channel/gen_non_real_time.fifo/fifo0/fifo_2_reg[44]/C (clocked by clk_fpga_0) and DDS_FFT_ethernet_final_i/DDS_FFT_0/inst/dut/psd_array_reg_768_1023_53_53/RAMS64E_A/I (clocked by clk_fpga_0). Large setup violations at the end of those stages might be difficult to fix during the post-placement implementation flow and could be the result of non-optimal XDC constraints or non-optimal design architecture
Related violations: <none>

TIMING-16#20 Warning
Large setup violation  
There is a large setup violation of -1.147 ns between DDS_FFT_ethernet_final_i/DDS_FFT_0/inst/dut/u_fft/U0/i_synth/axi_wrapper/data_out_channel/gen_non_real_time.fifo/fifo0/fifo_2_reg[44]/C (clocked by clk_fpga_0) and DDS_FFT_ethernet_final_i/DDS_FFT_0/inst/dut/psd_array_reg_768_1023_49_49/RAMS64E_A/I (clocked by clk_fpga_0). Large setup violations at the end of those stages might be difficult to fix during the post-placement implementation flow and could be the result of non-optimal XDC constraints or non-optimal design architecture
Related violations: <none>

TIMING-16#21 Warning
Large setup violation  
There is a large setup violation of -1.150 ns between DDS_FFT_ethernet_final_i/DDS_FFT_0/inst/dut/u_fft/U0/i_synth/axi_wrapper/data_out_channel/gen_non_real_time.fifo/fifo0/fifo_2_reg[44]/C (clocked by clk_fpga_0) and DDS_FFT_ethernet_final_i/DDS_FFT_0/inst/dut/psd_array_reg_512_767_53_53/RAMS64E_A/I (clocked by clk_fpga_0). Large setup violations at the end of those stages might be difficult to fix during the post-placement implementation flow and could be the result of non-optimal XDC constraints or non-optimal design architecture
Related violations: <none>

TIMING-16#22 Warning
Large setup violation  
There is a large setup violation of -1.164 ns between DDS_FFT_ethernet_final_i/DDS_FFT_0/inst/dut/u_fft/U0/i_synth/axi_wrapper/data_out_channel/gen_non_real_time.fifo/fifo0/fifo_2_reg[44]/C (clocked by clk_fpga_0) and DDS_FFT_ethernet_final_i/DDS_FFT_0/inst/dut/psd_array_reg_256_511_50_50/RAMS64E_A/I (clocked by clk_fpga_0). Large setup violations at the end of those stages might be difficult to fix during the post-placement implementation flow and could be the result of non-optimal XDC constraints or non-optimal design architecture
Related violations: <none>

TIMING-16#23 Warning
Large setup violation  
There is a large setup violation of -1.201 ns between DDS_FFT_ethernet_final_i/DDS_FFT_0/inst/dut/u_fft/U0/i_synth/axi_wrapper/data_out_channel/gen_non_real_time.fifo/fifo0/fifo_2_reg[44]/C (clocked by clk_fpga_0) and DDS_FFT_ethernet_final_i/DDS_FFT_0/inst/dut/psd_array_reg_256_511_54_54/RAMS64E_A/I (clocked by clk_fpga_0). Large setup violations at the end of those stages might be difficult to fix during the post-placement implementation flow and could be the result of non-optimal XDC constraints or non-optimal design architecture
Related violations: <none>


